// Jest Snapshot v1, https://goo.gl/fbAQLP

exports[`<Login /> rendering should render correctly 1`] = `ShallowWrapper {}`;
