// Jest Snapshot v1, https://goo.gl/fbAQLP

exports[`<App /> rendering renders correctly 1`] = `ShallowWrapper {}`;
