// Jest Snapshot v1, https://goo.gl/fbAQLP

exports[`<AppointmentList /> rendering renders correctly 1`] = `ShallowWrapper {}`;
