// Jest Snapshot v1, https://goo.gl/fbAQLP

exports[`<AppointmentDetails /> rendering should render correctly 1`] = `ShallowWrapper {}`;
