// Jest Snapshot v1, https://goo.gl/fbAQLP

exports[`<BookAppointment /> rendering should render correctly 1`] = `ShallowWrapper {}`;
