// Jest Snapshot v1, https://goo.gl/fbAQLP

exports[`<DoctorList /> rendering renders correctly 1`] = `ShallowWrapper {}`;
