// Jest Snapshot v1, https://goo.gl/fbAQLP

exports[`<Doctor /> rendering renders correctly 1`] = `ShallowWrapper {}`;
