// Jest Snapshot v1, https://goo.gl/fbAQLP

exports[`<HomePage /> rendering renders correctly 1`] = `ShallowWrapper {}`;
