// Jest Snapshot v1, https://goo.gl/fbAQLP

exports[`<ProtectedRoute /> rendering should render correctly 1`] = `ShallowWrapper {}`;
