// Jest Snapshot v1, https://goo.gl/fbAQLP

exports[`<UserLinks /> rendering should render correctly 1`] = `ShallowWrapper {}`;
