// Jest Snapshot v1, https://goo.gl/fbAQLP

exports[`<BioPage /> rendering renders correctly 1`] = `ShallowWrapper {}`;
