// Jest Snapshot v1, https://goo.gl/fbAQLP

exports[`<DiagnosisPage /> rendering renders correctly 1`] = `ShallowWrapper {}`;
