// Jest Snapshot v1, https://goo.gl/fbAQLP

exports[`<Wizard /> rendering should render correctly 1`] = `ShallowWrapper {}`;
