// Jest Snapshot v1, https://goo.gl/fbAQLP

exports[`<InjuryPage /> rendering renders correctly 1`] = `ShallowWrapper {}`;
