// Jest Snapshot v1, https://goo.gl/fbAQLP

exports[`<SymptomsPage /> rendering renders correctly 1`] = `ShallowWrapper {}`;
