// Jest Snapshot v1, https://goo.gl/fbAQLP

exports[`<WizardSteps /> rendering should render correctly 1`] = `ShallowWrapper {}`;
