// Jest Snapshot v1, https://goo.gl/fbAQLP

exports[`<Button /> rendering renders correctly 1`] = `ReactWrapper {}`;
