// Jest Snapshot v1, https://goo.gl/fbAQLP

exports[`<ComboBox /> rendering renders correctly 1`] = `ReactWrapper {}`;
