// Jest Snapshot v1, https://goo.gl/fbAQLP

exports[`<DateInput /> rendering should render correctly 1`] = `ReactWrapper {}`;
