// Jest Snapshot v1, https://goo.gl/fbAQLP

exports[`<EmailTextField /> rendering renders correctly 1`] = `ReactWrapper {}`;
