// Jest Snapshot v1, https://goo.gl/fbAQLP

exports[`<InpuTextField /> rendering renders correctly 1`] = `ReactWrapper {}`;
