// Jest Snapshot v1, https://goo.gl/fbAQLP

exports[`<NumberTextField /> rendering renders correctly 1`] = `ReactWrapper {}`;
