// Jest Snapshot v1, https://goo.gl/fbAQLP

exports[`<PasswordTextField /> rendering renders correctly 1`] = `ReactWrapper {}`;
