// Jest Snapshot v1, https://goo.gl/fbAQLP

exports[`<ReadOnlyTextField /> rendering renders correctly 1`] = `ReactWrapper {}`;
