// Jest Snapshot v1, https://goo.gl/fbAQLP

exports[`<RichTextField /> rendering renders correctly 1`] = `ReactWrapper {}`;
