// Jest Snapshot v1, https://goo.gl/fbAQLP

exports[`<SocialButton /> rendering renders correctly 1`] = `ReactWrapper {}`;
