// Jest Snapshot v1, https://goo.gl/fbAQLP

exports[`<TimeInput /> rendering should render correctly 1`] = `ShallowWrapper {}`;
